../Drivers/Src/stm32f4xx_i2c_driver.c:23:6:I2C_PeriClkControl	16	static
../Drivers/Src/stm32f4xx_i2c_driver.c:48:6:I2C_Init	32	static
../Drivers/Src/stm32f4xx_i2c_driver.c:111:6:I2C_DeInit	16	static
../Drivers/Src/stm32f4xx_i2c_driver.c:129:6:I2C_Peri_EN	16	static
../Drivers/Src/stm32f4xx_i2c_driver.c:138:6:I2C_Peri_DI	16	static
../Drivers/Src/stm32f4xx_i2c_driver.c:147:6:I2C_ClearACKbit	16	static
../Drivers/Src/stm32f4xx_i2c_driver.c:156:6:I2C_SetACKbit	16	static
../Drivers/Src/stm32f4xx_i2c_driver.c:166:9:I2C_getStatusFlag	16	static
../Drivers/Src/stm32f4xx_i2c_driver.c:182:6:I2C_MasterTransmitData	24	static
../Drivers/Src/stm32f4xx_i2c_driver.c:229:6:I2C_MasterReceiveData	24	static
../Drivers/Src/stm32f4xx_i2c_driver.c:302:9:I2C_MasterTransmitDataIT	32	static
../Drivers/Src/stm32f4xx_i2c_driver.c:338:9:I2C_MasterReceiveDataIT	32	static
../Drivers/Src/stm32f4xx_i2c_driver.c:370:6:I2C_SlaveTransmitData	16	static
../Drivers/Src/stm32f4xx_i2c_driver.c:380:9:I2C_SlaveReceiveData	16	static
../Drivers/Src/stm32f4xx_i2c_driver.c:391:6:I2C_IRQConfig	24	static
../Drivers/Src/stm32f4xx_i2c_driver.c:432:6:I2C_EV_IRQHandling	24	static
../Drivers/Src/stm32f4xx_i2c_driver.c:490:6:I2C_ER_IRQHandling	24	static
../Drivers/Src/stm32f4xx_i2c_driver.c:556:6:I2C_GenerateStartCondition	16	static
../Drivers/Src/stm32f4xx_i2c_driver.c:565:6:I2C_GenerateStopCondition	16	static
../Drivers/Src/stm32f4xx_i2c_driver.c:574:6:I2C_SetIRQControlBits	16	static
../Drivers/Src/stm32f4xx_i2c_driver.c:590:6:I2C_ClearIRQControlBits	16	static
../Drivers/Src/stm32f4xx_i2c_driver.c:606:6:I2C_CloseTransmission	16	static
../Drivers/Src/stm32f4xx_i2c_driver.c:623:13:I2C_SB_IRQHandler	16	static
../Drivers/Src/stm32f4xx_i2c_driver.c:636:13:I2C_ADDR_IRQHandler	16	static
../Drivers/Src/stm32f4xx_i2c_driver.c:652:13:I2C_BTF_IRQHandler	16	static
../Drivers/Src/stm32f4xx_i2c_driver.c:683:13:I2C_STOPF_IRQHandler	16	static
../Drivers/Src/stm32f4xx_i2c_driver.c:696:13:I2C_TxE_IRQHandler	16	static
../Drivers/Src/stm32f4xx_i2c_driver.c:722:13:I2C_RxNE_IRQHandler	16	static
../Drivers/Src/stm32f4xx_i2c_driver.c:788:13:I2C_ExecuteAddressPhaseWrite	24	static
../Drivers/Src/stm32f4xx_i2c_driver.c:800:13:I2C_ExecuteAddressPhaseRead	24	static
../Drivers/Src/stm32f4xx_i2c_driver.c:811:13:I2C_ClearADDRBit	24	static
