../Drivers/Src/stm32f4xx_spi_driver.c:14:6:SPI_PeriClkControl	16	static
../Drivers/Src/stm32f4xx_spi_driver.c:51:6:SPI_Init	24	static
../Drivers/Src/stm32f4xx_spi_driver.c:110:6:SPI_DeInit	16	static
../Drivers/Src/stm32f4xx_spi_driver.c:133:6:SPI_transmitData	32	static
../Drivers/Src/stm32f4xx_spi_driver.c:162:9:SPI_transmitData_IT	24	static
../Drivers/Src/stm32f4xx_spi_driver.c:188:6:SPI_ReceiveData	32	static
../Drivers/Src/stm32f4xx_spi_driver.c:217:9:SPI_ReceiveData_IT	24	static
../Drivers/Src/stm32f4xx_spi_driver.c:241:6:SPI_IRQConfig	24	static
../Drivers/Src/stm32f4xx_spi_driver.c:282:6:SPI_IRQHandling	24	static
../Drivers/Src/stm32f4xx_spi_driver.c:314:13:SPI_TxIRQHandler	24	static
../Drivers/Src/stm32f4xx_spi_driver.c:342:13:SPI_RxIRQHandler	24	static
../Drivers/Src/stm32f4xx_spi_driver.c:370:13:SPI_OVRIRQHandler	24	static
../Drivers/Src/stm32f4xx_spi_driver.c:388:6:SPI_Clear_OVRFlag	24	static
../Drivers/Src/stm32f4xx_spi_driver.c:400:6:SPI_CloseTx	16	static
../Drivers/Src/stm32f4xx_spi_driver.c:415:6:SPI_CloseRx	16	static
../Drivers/Src/stm32f4xx_spi_driver.c:430:6:SPI_Peri_EN	16	static
../Drivers/Src/stm32f4xx_spi_driver.c:439:6:SPI_Peri_DI	16	static
../Drivers/Src/stm32f4xx_spi_driver.c:448:6:SPI_SSOutput_EN	16	static
../Drivers/Src/stm32f4xx_spi_driver.c:457:6:SPI_SSOutput_DI	16	static
../Drivers/Src/stm32f4xx_spi_driver.c:467:9:SPI_getStatusFlag	16	static
../Drivers/Src/stm32f4xx_spi_driver.c:471:28:SPI_ApplicationEventCallback	16	static
