../Drivers/Src/stm32f4xx_usart_driver.c:15:6:USART_PeriClkControl	16	static
../Drivers/Src/stm32f4xx_usart_driver.c:52:6:USART_Init	32	static
../Drivers/Src/stm32f4xx_usart_driver.c:117:6:USART_DeInit	16	static
../Drivers/Src/stm32f4xx_usart_driver.c:149:6:USART_TransmitData	32	static
../Drivers/Src/stm32f4xx_usart_driver.c:197:6:USART_ReceiveData	32	static
../Drivers/Src/stm32f4xx_usart_driver.c:250:9:USART_TransmitDataIT	32	static
../Drivers/Src/stm32f4xx_usart_driver.c:277:9:USART_ReceiveDataIT	32	static
../Drivers/Src/stm32f4xx_usart_driver.c:298:6:USART_Peri_EN	16	static
../Drivers/Src/stm32f4xx_usart_driver.c:307:6:USART_Peri_DI	16	static
../Drivers/Src/stm32f4xx_usart_driver.c:317:9:USART_getStatusFlag	16	static
../Drivers/Src/stm32f4xx_usart_driver.c:327:6:USART_SetBaudRate	32	static
../Drivers/Src/stm32f4xx_usart_driver.c:389:9:USART_GetFlagStatus	16	static
../Drivers/Src/stm32f4xx_usart_driver.c:400:6:USART_IRQConfig	24	static
../Drivers/Src/stm32f4xx_usart_driver.c:441:6:USART_IRQHandling	32	static
../Drivers/Src/stm32f4xx_usart_driver.c:562:13:USART_TC_IRQHandler	16	static
../Drivers/Src/stm32f4xx_usart_driver.c:594:13:USART_TXE_IRQHandler	24	static
../Drivers/Src/stm32f4xx_usart_driver.c:642:13:USART_RXNE_IRQHandler	16	static
../Drivers/Src/stm32f4xx_usart_driver.c:699:6:USART_ClearOREFlag	24	static
