../Bsp/Src/ds1307.c:16:9:DS1307_init	16	static
../Bsp/Src/ds1307.c:40:6:DS1307_setCurrentTime	24	static
../Bsp/Src/ds1307.c:74:6:DS1307_getCurrentTime	24	static
../Bsp/Src/ds1307.c:105:6:DS1307_setCurrentDate	24	static
../Bsp/Src/ds1307.c:125:6:DS1307_getCurrentDate	24	static
../Bsp/Src/ds1307.c:150:13:DS1307_I2C_GpioPinInit	32	static
../Bsp/Src/ds1307.c:184:13:DS1307_I2C_Config	8	static
../Bsp/Src/ds1307.c:195:13:DS1307_write	32	static
../Bsp/Src/ds1307.c:204:16:DS1307_read	32	static
../Bsp/Src/ds1307.c:215:16:ConvertBCDtoBinary	24	static
../Bsp/Src/ds1307.c:230:16:ConvertBinarytoBCD	24	static
